electron/modules/autonomousPlatformEngine.ts(26,99): error TS18046: 'e' is of type 'unknown'.
electron/modules/autonomousPlatformEngine.ts(31,23): error TS7006: Parameter 'history' implicitly has an 'any' type.
electron/modules/autonomousPlatformEngine.ts(37,99): error TS18046: 'e' is of type 'unknown'.
electron/modules/autonomousPlatformEngine.ts(45,32): error TS7006: Parameter 'goalDescription' implicitly has an 'any' type.
electron/modules/autonomousPlatformEngine.ts(64,17): error TS2339: Property 'isHighRiskTweak' does not exist on type '{}'.
electron/modules/autonomousPlatformEngine.ts(73,36): error TS2339: Property 'targetPackages' does not exist on type '{}'.
electron/modules/autonomousPlatformEngine.ts(93,97): error TS18046: 'err' is of type 'unknown'.
electron/modules/autoruns.ts(123,13): error TS2339: Property 'stdout' does not exist on type 'unknown'.
electron/modules/autoruns.ts(136,69): error TS18046: 'error' is of type 'unknown'.
electron/modules/autoruns.ts(141,34): error TS7006: Parameter 'item' implicitly has an 'any' type.
electron/modules/autoruns.ts(230,57): error TS18046: 'e' is of type 'unknown'.
electron/modules/backupRestoreEngine.ts(9,10): error TS2339: Property 'backupVersion' does not exist on type 'BackupRestoreEngineCore'.
electron/modules/backupRestoreEngine.ts(30,81): error TS18046: 'e' is of type 'unknown'.
electron/modules/backupRestoreEngine.ts(35,29): error TS7006: Parameter 'backups' implicitly has an 'any' type.
electron/modules/backupRestoreEngine.ts(41,82): error TS18046: 'e' is of type 'unknown'.
electron/modules/backupRestoreEngine.ts(49,22): error TS7006: Parameter 'id' implicitly has an 'any' type.
electron/modules/backupRestoreEngine.ts(49,26): error TS7006: Parameter 'regPath' implicitly has an 'any' type.
electron/modules/backupRestoreEngine.ts(49,35): error TS7006: Parameter 'regName' implicitly has an 'any' type.
electron/modules/backupRestoreEngine.ts(49,44): error TS7006: Parameter 'originalValue' implicitly has an 'any' type.
electron/modules/backupRestoreEngine.ts(49,59): error TS7006: Parameter 'exists' implicitly has an 'any' type.
electron/modules/backupRestoreEngine.ts(54,25): error TS2339: Property 'backupVersion' does not exist on type 'BackupRestoreEngineCore'.
electron/modules/backupRestoreEngine.ts(65,87): error TS18046: 'e' is of type 'unknown'.
electron/modules/backupRestoreEngine.ts(72,22): error TS7006: Parameter 'id' implicitly has an 'any' type.
electron/modules/backupRestoreEngine.ts(81,87): error TS18046: 'e' is of type 'unknown'.
electron/modules/backupRestoreEngine.ts(97,86): error TS18046: 'e' is of type 'unknown'.
electron/modules/backupRestoreEngine.ts(105,25): error TS7006: Parameter 'backupEntry' implicitly has an 'any' type.
electron/modules/benchmarkEngine.ts(10,10): error TS2339: Property 'activeSession' does not exist on type 'BenchmarkEngineCore'.
electron/modules/benchmarkEngine.ts(30,69): error TS18046: 'e' is of type 'unknown'.
electron/modules/benchmarkEngine.ts(35,15): error TS7006: Parameter 'records' implicitly has an 'any' type.
electron/modules/benchmarkEngine.ts(41,70): error TS18046: 'e' is of type 'unknown'.
electron/modules/benchmarkEngine.ts(72,10): error TS2339: Property 'activeSession' does not exist on type 'BenchmarkEngineCore'.
electron/modules/benchmarkEngine.ts(78,67): error TS2339: Property 'activeSession' does not exist on type 'BenchmarkEngineCore'.
electron/modules/benchmarkEngine.ts(79,17): error TS2339: Property 'activeSession' does not exist on type 'BenchmarkEngineCore'.
electron/modules/benchmarkEngine.ts(86,15): error TS2339: Property 'activeSession' does not exist on type 'BenchmarkEngineCore'.
electron/modules/benchmarkEngine.ts(91,27): error TS2339: Property 'activeSession' does not exist on type 'BenchmarkEngineCore'.
electron/modules/benchmarkEngine.ts(94,64): error TS2339: Property 'networkLatencyMs' does not exist on type '{ timestamp: string; cpuUsagePercent: number; ramTotalMB: number; ramUsedMB: number; ramFreeMB: number; ramUsagePercent: number; storageDrives: never[]; uptimeSeconds: number; }'.
electron/modules/benchmarkEngine.ts(100,91): error TS2339: Property 'networkLatencyMs' does not exist on type '{ timestamp: string; cpuUsagePercent: number; ramTotalMB: number; ramUsedMB: number; ramFreeMB: number; ramUsagePercent: number; storageDrives: never[]; uptimeSeconds: number; }'.
electron/modules/benchmarkEngine.ts(104,16): error TS2339: Property 'activeSession' does not exist on type 'BenchmarkEngineCore'.
electron/modules/benchmarkEngine.ts(105,25): error TS2339: Property 'activeSession' does not exist on type 'BenchmarkEngineCore'.
electron/modules/benchmarkEngine.ts(106,23): error TS2339: Property 'activeSession' does not exist on type 'BenchmarkEngineCore'.
electron/modules/benchmarkEngine.ts(125,10): error TS2339: Property 'activeSession' does not exist on type 'BenchmarkEngineCore'.
electron/modules/bootstrap.ts(44,85): error TS2339: Property 'apiVersion' does not exist on type 'PublicApiFrameworkCore'.
electron/modules/bootstrap.ts(60,94): error TS2339: Property 'currentVersion' does not exist on type 'LtsPlatformEngineCore'.
electron/modules/cloudContentPlatform.ts(9,10): error TS2339: Property 'currentChannel' does not exist on type 'CloudContentPlatformCore'.
electron/modules/cloudContentPlatform.ts(10,10): error TS2339: Property 'catalogCache' does not exist on type 'CloudContentPlatformCore'.
electron/modules/cloudContentPlatform.ts(24,64): error TS2339: Property 'currentChannel' does not exist on type 'CloudContentPlatformCore'.
electron/modules/cloudContentPlatform.ts(30,21): error TS7006: Parameter 'filePath' implicitly has an 'any' type.
electron/modules/cloudContentPlatform.ts(46,32): error TS7006: Parameter 'filePath' implicitly has an 'any' type.
electron/modules/cloudContentPlatform.ts(46,42): error TS7006: Parameter 'expectedSha256' implicitly has an 'any' type.
electron/modules/cloudContentPlatform.ts(49,23): error TS18046: 'actualHash' is of type 'unknown'.
electron/modules/cloudContentPlatform.ts(55,71): error TS18046: 'e' is of type 'unknown'.
electron/modules/cloudContentPlatform.ts(70,86): error TS18046: 'e' is of type 'unknown'.
electron/modules/cloudContentPlatform.ts(75,21): error TS2339: Property 'currentChannel' does not exist on type 'CloudContentPlatformCore'.
electron/modules/cloudContentPlatform.ts(83,20): error TS7006: Parameter 'catalog' implicitly has an 'any' type.
electron/modules/cloudContentPlatform.ts(89,80): error TS18046: 'e' is of type 'unknown'.
electron/modules/cloudContentPlatform.ts(99,10): error TS2339: Property 'currentChannel' does not exist on type 'CloudContentPlatformCore'.
electron/modules/configManager.ts(7,10): error TS6133: 'getBackupFilePath' is declared but its value is never read.
electron/modules/configManager.ts(15,32): error TS7006: Parameter 'id' implicitly has an 'any' type.
electron/modules/configManager.ts(15,36): error TS7006: Parameter 'regPath' implicitly has an 'any' type.
electron/modules/configManager.ts(15,45): error TS7006: Parameter 'regName' implicitly has an 'any' type.
electron/modules/configManager.ts(15,54): error TS7006: Parameter 'originalValue' implicitly has an 'any' type.
electron/modules/configManager.ts(15,69): error TS7006: Parameter 'exists' implicitly has an 'any' type.
electron/modules/configManager.ts(19,34): error TS7006: Parameter 'id' implicitly has an 'any' type.
electron/modules/configManager.ts(42,50): error TS18046: 'e' is of type 'unknown'.
electron/modules/configManager.ts(47,40): error TS7006: Parameter 'settings' implicitly has an 'any' type.
electron/modules/configManager.ts(52,50): error TS18046: 'e' is of type 'unknown'.
electron/modules/crashPlatformEngine.ts(9,10): error TS2339: Property 'safeModeTriggered' does not exist on type 'CrashPlatformEngineCore'.
electron/modules/crashPlatformEngine.ts(29,81): error TS18046: 'e' is of type 'unknown'.
electron/modules/crashPlatformEngine.ts(34,20): error TS7006: Parameter 'crashes' implicitly has an 'any' type.
electron/modules/crashPlatformEngine.ts(40,81): error TS18046: 'e' is of type 'unknown'.
electron/modules/crashPlatformEngine.ts(48,15): error TS7006: Parameter 'type' implicitly has an 'any' type.
electron/modules/crashPlatformEngine.ts(48,21): error TS7006: Parameter 'error' implicitly has an 'any' type.
electron/modules/crashPlatformEngine.ts(75,42): error TS7006: Parameter 'c' implicitly has an 'any' type.
electron/modules/crashPlatformEngine.ts(77,12): error TS2339: Property 'safeModeTriggered' does not exist on type 'CrashPlatformEngineCore'.
electron/modules/enterprisePlatformEngine.ts(9,10): error TS2339: Property 'activeProfile' does not exist on type 'EnterprisePlatformEngineCore'.
electron/modules/enterprisePlatformEngine.ts(29,89): error TS18046: 'e' is of type 'unknown'.
electron/modules/enterprisePlatformEngine.ts(39,24): error TS7006: Parameter 'config' implicitly has an 'any' type.
electron/modules/enterprisePlatformEngine.ts(45,89): error TS18046: 'e' is of type 'unknown'.
electron/modules/enterprisePlatformEngine.ts(53,33): error TS7006: Parameter 'packageMeta' implicitly has an 'any' type.
electron/modules/enterprisePlatformEngine.ts(78,18): error TS7006: Parameter 'adminId' implicitly has an 'any' type.
electron/modules/enterprisePlatformEngine.ts(78,27): error TS7006: Parameter 'action' implicitly has an 'any' type.
electron/modules/errorManager.ts(13,45): error TS6133: 'promise' is declared but its value is never read.
electron/modules/featureManagementPlatformEngine.ts(10,10): error TS2339: Property 'features' does not exist on type 'FeatureManagementPlatformEngineCore'.
electron/modules/featureManagementPlatformEngine.ts(40,19): error TS7006: Parameter 'feature' implicitly has an 'any' type.
electron/modules/featureManagementPlatformEngine.ts(41,10): error TS2339: Property 'features' does not exist on type 'FeatureManagementPlatformEngineCore'.
electron/modules/featureManagementPlatformEngine.ts(48,22): error TS7006: Parameter 'featureId' implicitly has an 'any' type.
electron/modules/featureManagementPlatformEngine.ts(49,26): error TS2339: Property 'features' does not exist on type 'FeatureManagementPlatformEngineCore'.
electron/modules/featureManagementPlatformEngine.ts(73,33): error TS2339: Property 'features' does not exist on type 'FeatureManagementPlatformEngineCore'.
electron/modules/featureManagementPlatformEngine.ts(76,45): error TS18046: 'f' is of type 'unknown'.
electron/modules/featureManagementPlatformEngine.ts(77,45): error TS18046: 'f' is of type 'unknown'.
electron/modules/featureManagementPlatformEngine.ts(78,50): error TS18046: 'f' is of type 'unknown'.
electron/modules/fpsMonitor.ts(10,5): error TS7034: Variable 'activeGameSession' implicitly has type 'any' in some locations where its type cannot be determined.
electron/modules/fpsMonitor.ts(11,5): error TS7034: Variable 'backgroundMonitorInterval' implicitly has type 'any' in some locations where its type cannot be determined.
electron/modules/fpsMonitor.ts(12,5): error TS7034: Variable 'libraryGamesCache' implicitly has type 'any[]' in some locations where its type cannot be determined.
electron/modules/fpsMonitor.ts(15,7): error TS7005: Variable 'activeGameSession' implicitly has an 'any' type.
electron/modules/fpsMonitor.ts(24,33): error TS7006: Parameter 'gameId' implicitly has an 'any' type.
electron/modules/fpsMonitor.ts(24,41): error TS7006: Parameter 'gameName' implicitly has an 'any' type.
electron/modules/fpsMonitor.ts(24,51): error TS7006: Parameter 'profile' implicitly has an 'any' type.
electron/modules/fpsMonitor.ts(24,60): error TS7006: Parameter 'processName' implicitly has an 'any' type.
electron/modules/fpsMonitor.ts(25,7): error TS7005: Variable 'activeGameSession' implicitly has an 'any' type.
electron/modules/fpsMonitor.ts(65,8): error TS7005: Variable 'activeGameSession' implicitly has an 'any' type.
electron/modules/fpsMonitor.ts(158,58): error TS18046: 'e' is of type 'unknown'.
electron/modules/fpsMonitor.ts(183,40): error TS7006: Parameter 'fetchGamesCallback' implicitly has an 'any' type.
electron/modules/fpsMonitor.ts(184,7): error TS7005: Variable 'backgroundMonitorInterval' implicitly has an 'any' type.
electron/modules/fpsMonitor.ts(211,51): error TS18047: 'e' is possibly 'null'.
electron/modules/fpsMonitor.ts(218,91): error TS7005: Variable 'libraryGamesCache' implicitly has an 'any[]' type.
electron/modules/fpsMonitor.ts(224,26): error TS7005: Variable 'libraryGamesCache' implicitly has an 'any[]' type.
electron/modules/fpsMonitor.ts(241,34): error TS18047: 'b' is possibly 'null'.
electron/modules/fpsMonitor.ts(241,45): error TS18047: 'a' is possibly 'null'.
electron/modules/fpsMonitor.ts(253,14): error TS7005: Variable 'activeGameSession' implicitly has an 'any' type.
electron/modules/fpsMonitor.ts(260,13): error TS7005: Variable 'activeGameSession' implicitly has an 'any' type.
electron/modules/fpsMonitor.ts(266,66): error TS18046: 'e' is of type 'unknown'.
electron/modules/gameEngine.ts(11,10): error TS2551: Property 'gameProfiles' does not exist on type 'GameOptimizationEngineCore'. Did you mean 'getGameProfile'?
electron/modules/gameEngine.ts(12,10): error TS2339: Property 'activeGameSessions' does not exist on type 'GameOptimizationEngineCore'.
electron/modules/gameEngine.ts(20,11): error TS7034: Variable 'games' implicitly has type 'any[]' in some locations where its type cannot be determined.
electron/modules/gameEngine.ts(22,46): error TS7005: Variable 'games' implicitly has an 'any[]' type.
electron/modules/gameEngine.ts(76,75): error TS18046: 'e' is of type 'unknown'.
electron/modules/gameEngine.ts(85,18): error TS7006: Parameter 'gameId' implicitly has an 'any' type.
electron/modules/gameEngine.ts(86,15): error TS2551: Property 'gameProfiles' does not exist on type 'GameOptimizationEngineCore'. Did you mean 'getGameProfile'?
electron/modules/gameEngine.ts(87,12): error TS2551: Property 'gameProfiles' does not exist on type 'GameOptimizationEngineCore'. Did you mean 'getGameProfile'?
electron/modules/gameEngine.ts(95,17): error TS2551: Property 'gameProfiles' does not exist on type 'GameOptimizationEngineCore'. Did you mean 'getGameProfile'?
electron/modules/gameEngine.ts(101,18): error TS7006: Parameter 'gameId' implicitly has an 'any' type.
electron/modules/gameEngine.ts(101,26): error TS7006: Parameter 'profileUpdate' implicitly has an 'any' type.
electron/modules/gameEngine.ts(104,10): error TS2551: Property 'gameProfiles' does not exist on type 'GameOptimizationEngineCore'. Did you mean 'getGameProfile'?
electron/modules/gameEngine.ts(112,36): error TS7006: Parameter 'gameId' implicitly has an 'any' type.
electron/modules/gameEngine.ts(112,44): error TS7006: Parameter 'launcher' implicitly has an 'any' type.
electron/modules/gameEngine.ts(161,90): error TS18046: 'e' is of type 'unknown'.
electron/modules/gameEngine.ts(167,12): error TS2339: Property 'activeGameSessions' does not exist on type 'GameOptimizationEngineCore'.
electron/modules/gameScannerIpc.ts(21,63): error TS2339: Property 'message' does not exist on type '{}'.
electron/modules/gameScannerIpc.ts(31,63): error TS2339: Property 'message' does not exist on type '{}'.
electron/modules/gameScannerIpc.ts(46,31): error TS7006: Parameter 'content' implicitly has an 'any' type.
electron/modules/gameScannerIpc.ts(47,19): error TS7006: Parameter 'key' implicitly has an 'any' type.
electron/modules/gameScannerIpc.ts(93,62): error TS18046: 'e' is of type 'unknown'.
electron/modules/gameScannerIpc.ts(159,69): error TS2339: Property 'message' does not exist on type '{}'.
electron/modules/gameScannerIpc.ts(164,63): error TS2339: Property 'message' does not exist on type '{}'.
electron/modules/gameScannerIpc.ts(172,9): error TS7034: Variable 'games' implicitly has type 'any[]' in some locations where its type cannot be determined.
electron/modules/gameScannerIpc.ts(192,69): error TS2339: Property 'message' does not exist on type '{}'.
electron/modules/gameScannerIpc.ts(198,51): error TS2339: Property 'message' does not exist on type '{}'.
electron/modules/gameScannerIpc.ts(200,10): error TS7005: Variable 'games' implicitly has an 'any[]' type.
electron/modules/gameScannerIpc.ts(204,9): error TS7034: Variable 'games' implicitly has type 'any[]' in some locations where its type cannot be determined.
electron/modules/gameScannerIpc.ts(220,69): error TS2339: Property 'message' does not exist on type '{}'.
electron/modules/gameScannerIpc.ts(231,61): error TS2339: Property 'message' does not exist on type '{}'.
electron/modules/gameScannerIpc.ts(236,51): error TS2339: Property 'message' does not exist on type '{}'.
electron/modules/gameScannerIpc.ts(238,10): error TS7005: Variable 'games' implicitly has an 'any[]' type.
electron/modules/gameScannerIpc.ts(242,9): error TS7034: Variable 'games' implicitly has type 'any[]' in some locations where its type cannot be determined.
electron/modules/gameScannerIpc.ts(259,59): error TS2339: Property 'message' does not exist on type '{}'.
electron/modules/gameScannerIpc.ts(264,49): error TS2339: Property 'message' does not exist on type '{}'.
electron/modules/gameScannerIpc.ts(266,10): error TS7005: Variable 'games' implicitly has an 'any[]' type.
electron/modules/gameScannerIpc.ts(269,16): error TS6133: 'scanStandaloneGamesNode' is declared but its value is never read.
electron/modules/gameScannerIpc.ts(270,9): error TS7034: Variable 'games' implicitly has type 'any[]' in some locations where its type cannot be determined.
electron/modules/gameScannerIpc.ts(311,74): error TS2339: Property 'message' does not exist on type '{}'.
electron/modules/gameScannerIpc.ts(317,62): error TS18046: 'e' is of type 'unknown'.
electron/modules/gameScannerIpc.ts(319,10): error TS7005: Variable 'games' implicitly has an 'any[]' type.
electron/modules/gameScannerIpc.ts(351,60): error TS2339: Property 'message' does not exist on type '{}'.
electron/modules/gameScannerIpc.ts(357,36): error TS7006: Parameter 'ipcMain' implicitly has an 'any' type.
electron/modules/gameScannerIpc.ts(362,70): error TS6133: 'event' is declared but its value is never read.
electron/modules/gameScannerIpc.ts(362,70): error TS7006: Parameter 'event' implicitly has an 'any' type.
electron/modules/gameScannerIpc.ts(362,79): error TS7031: Binding element 'appid' implicitly has an 'any' type.
electron/modules/gameScannerIpc.ts(362,86): error TS7031: Binding element 'launcher' implicitly has an 'any' type.
electron/modules/gameScannerIpc.ts(370,82): error TS6133: 'event' is declared but its value is never read.
electron/modules/gameScannerIpc.ts(370,82): error TS7006: Parameter 'event' implicitly has an 'any' type.
electron/modules/gameScannerIpc.ts(370,89): error TS7006: Parameter 'appid' implicitly has an 'any' type.
electron/modules/gameScannerIpc.ts(374,78): error TS6133: 'event' is declared but its value is never read.
electron/modules/gameScannerIpc.ts(374,78): error TS7006: Parameter 'event' implicitly has an 'any' type.
electron/modules/gameScannerIpc.ts(374,85): error TS7006: Parameter 'game' implicitly has an 'any' type.
electron/modules/gameScannerIpc.ts(390,59): error TS2339: Property 'message' does not exist on type '{}'.
electron/modules/hardwareIpc.ts(10,33): error TS7006: Parameter 'ipcMain' implicitly has an 'any' type.
electron/modules/hardwareIpc.ts(11,9): error TS7034: Variable 'systemMetricsCache' implicitly has type 'any' in some locations where its type cannot be determined.
electron/modules/hardwareIpc.ts(16,13): error TS7005: Variable 'systemMetricsCache' implicitly has an 'any' type.
electron/modules/hardwareIpc.ts(49,93): error TS18046: 'err' is of type 'unknown'.
electron/modules/healthEngine.ts(15,10): error TS2339: Property 'healthHistory' does not exist on type 'DiagnosticsHealthEngineCore'.
electron/modules/innovationPlatformEngine.ts(9,10): error TS2339: Property 'experiments' does not exist on type 'InnovationPlatformEngineCore'.
electron/modules/innovationPlatformEngine.ts(30,90): error TS18046: 'e' is of type 'unknown'.
electron/modules/innovationPlatformEngine.ts(35,25): error TS7006: Parameter 'history' implicitly has an 'any' type.
electron/modules/innovationPlatformEngine.ts(41,90): error TS18046: 'e' is of type 'unknown'.
electron/modules/innovationPlatformEngine.ts(61,19): error TS7006: Parameter 'experimentSpec' implicitly has an 'any' type.
electron/modules/innovationPlatformEngine.ts(62,10): error TS2339: Property 'experiments' does not exist on type 'InnovationPlatformEngineCore'.
electron/modules/innovationPlatformEngine.ts(69,29): error TS7006: Parameter 'experimentId' implicitly has an 'any' type.
electron/modules/innovationPlatformEngine.ts(70,22): error TS2339: Property 'experiments' does not exist on type 'InnovationPlatformEngineCore'.
electron/modules/innovationPlatformEngine.ts(89,10): error TS2339: Property 'experiments' does not exist on type 'InnovationPlatformEngineCore'.
electron/modules/innovationPlatformEngine.ts(103,24): error TS2339: Property 'experiments' does not exist on type 'InnovationPlatformEngineCore'.
electron/modules/innovationPlatformEngine.ts(104,38): error TS2339: Property 'experiments' does not exist on type 'InnovationPlatformEngineCore'.
electron/modules/innovationPlatformEngine.ts(104,72): error TS18046: 'e' is of type 'unknown'.
electron/modules/ipc/optimizationHandlers.ts(49,48): error TS6133: 'event' is declared but its value is never read.
electron/modules/ipc/optimizationHandlers.ts(57,50): error TS6133: 'event' is declared but its value is never read.
electron/modules/ipc/optimizationHandlers.ts(65,55): error TS6133: 'event' is declared but its value is never read.
electron/modules/ipcManager.ts(4,1): error TS6133: 'path' is declared but its value is never read.
electron/modules/ipcManager.ts(6,5): error TS6133: 'getBackupsNode' is declared but its value is never read.
electron/modules/ipcManager.ts(14,5): error TS6133: 'runElevatedPowerShellScript' is declared but its value is never read.
electron/modules/ipcManager.ts(15,5): error TS6133: 'runPowerShellScript' is declared but its value is never read.
electron/modules/ipcManager.ts(19,5): error TS7034: Variable 'currentMainWindow' implicitly has type 'any' in some locations where its type cannot be determined.
electron/modules/ipcManager.ts(22,34): error TS7006: Parameter 'mainWindow' implicitly has an 'any' type.
electron/modules/ipcManager.ts(32,3): error TS2304: Cannot find name 'initHardwareIpc'.
electron/modules/ipcManager.ts(33,3): error TS2304: Cannot find name 'initGameScannerIpc'.
electron/modules/ipcManager.ts(34,3): error TS2304: Cannot find name 'initStatsDatabase'.
electron/modules/ipcManager.ts(35,3): error TS2304: Cannot find name 'startBackgroundMonitor'.
electron/modules/ipcManager.ts(35,26): error TS2304: Cannot find name 'getAllGamesNode'.
electron/modules/ipcManager.ts(37,28): error TS7006: Parameter 'channel' implicitly has an 'any' type.
electron/modules/ipcManager.ts(37,37): error TS7006: Parameter 'fn' implicitly has an 'any' type.
electron/modules/ipcManager.ts(42,9): error TS7005: Variable 'currentMainWindow' implicitly has an 'any' type.
electron/modules/ipcManager.ts(48,12): error TS2304: Cannot find name 'getFpsStats'.
electron/modules/ipcManager.ts(52,10): error TS7005: Variable 'currentMainWindow' implicitly has an 'any' type.
electron/modules/ipcManager.ts(60,36): error TS6133: 'event' is declared but its value is never read.
electron/modules/ipcManager.ts(60,36): error TS7006: Parameter 'event' implicitly has an 'any' type.
electron/modules/ipcManager.ts(61,10): error TS7005: Variable 'currentMainWindow' implicitly has an 'any' type.
electron/modules/ipcManager.ts(62,32): error TS2339: Property 'isQuitting' does not exist on type 'App'.
electron/modules/ipcManager.ts(65,11): error TS2339: Property 'isQuitting' does not exist on type 'App'.
electron/modules/ipcManager.ts(70,38): error TS6133: 'event' is declared but its value is never read.
electron/modules/ipcManager.ts(70,38): error TS7006: Parameter 'event' implicitly has an 'any' type.
electron/modules/ipcManager.ts(70,47): error TS7031: Binding element 'enable' implicitly has an 'any' type.
electron/modules/ipcManager.ts(70,55): error TS7031: Binding element 'openAsHidden' implicitly has an 'any' type.
electron/modules/ipcManager.ts(78,63): error TS18046: 'e' is of type 'unknown'.
electron/modules/ipcManager.ts(83,7): error TS7034: Variable 'systemStatusCache' implicitly has type 'any' in some locations where its type cannot be determined.
electron/modules/ipcManager.ts(88,9): error TS7005: Variable 'systemStatusCache' implicitly has an 'any' type.
electron/modules/ipcManager.ts(94,22): error TS2304: Cannot find name 'getCpuUsageInstant'.
electron/modules/ipcManager.ts(105,26): error TS2304: Cannot find name 'cachedStorageDrives'.
electron/modules/ipcManager.ts(111,50): error TS6133: 'event' is declared but its value is never read.
electron/modules/ipcManager.ts(111,50): error TS7006: Parameter 'event' implicitly has an 'any' type.
electron/modules/ipcManager.ts(111,57): error TS7006: Parameter 'actionId' implicitly has an 'any' type.
electron/modules/ipcManager.ts(173,61): error TS18046: 'e' is of type 'unknown'.
electron/modules/ipcManager.ts(185,18): error TS2304: Cannot find name 'getAutorunsItems'.
electron/modules/ipcManager.ts(188,49): error TS6133: 'event' is declared but its value is never read.
electron/modules/ipcManager.ts(188,49): error TS7006: Parameter 'event' implicitly has an 'any' type.
electron/modules/ipcManager.ts(188,56): error TS7006: Parameter 'item' implicitly has an 'any' type.
electron/modules/ipcManager.ts(189,18): error TS2304: Cannot find name 'toggleAutorunItem'.
electron/modules/ipcManager.ts(192,7): error TS7034: Variable 'installedAppsCache' implicitly has type 'any' in some locations where its type cannot be determined.
electron/modules/ipcManager.ts(197,9): error TS7005: Variable 'installedAppsCache' implicitly has an 'any' type.
electron/modules/ipcManager.ts(240,60): error TS18046: 'e' is of type 'unknown'.
electron/modules/ipcManager.ts(250,43): error TS6133: 'event' is declared but its value is never read.
electron/modules/ipcManager.ts(250,43): error TS7006: Parameter 'event' implicitly has an 'any' type.
electron/modules/ipcManager.ts(250,50): error TS7006: Parameter 'appToUninstall' implicitly has an 'any' type.
electron/modules/ipcManager.ts(277,48): error TS18046: 'e' is of type 'unknown'.
electron/modules/ipcManager.ts(278,62): error TS18046: 'e' is of type 'unknown'.
electron/modules/ipcManager.ts(284,7): error TS7034: Variable 'cleanerItemsCache' implicitly has type 'any' in some locations where its type cannot be determined.
electron/modules/ipcManager.ts(289,9): error TS7005: Variable 'cleanerItemsCache' implicitly has an 'any' type.
electron/modules/ipcManager.ts(317,59): error TS18046: 'e' is of type 'unknown'.
electron/modules/ipcManager.ts(328,45): error TS6133: 'event' is declared but its value is never read.
electron/modules/ipcManager.ts(328,45): error TS7006: Parameter 'event' implicitly has an 'any' type.
electron/modules/ipcManager.ts(328,52): error TS7006: Parameter 'itemsToClean' implicitly has an 'any' type.
electron/modules/ipcManager.ts(362,43): error TS6133: 'event' is declared but its value is never read.
electron/modules/ipcManager.ts(362,43): error TS7006: Parameter 'event' implicitly has an 'any' type.
electron/modules/ipcManager.ts(362,50): error TS7006: Parameter 'settings' implicitly has an 'any' type.
electron/modules/ipcManager.ts(371,18): error TS2304: Cannot find name 'UpdatePlatformEngine'.
electron/modules/ipcManager.ts(374,50): error TS6133: 'event' is declared but its value is never read.
electron/modules/ipcManager.ts(374,50): error TS7006: Parameter 'event' implicitly has an 'any' type.
electron/modules/ipcManager.ts(374,57): error TS7006: Parameter 'mode' implicitly has an 'any' type.
electron/modules/ipcManager.ts(375,18): error TS2304: Cannot find name 'applyNvidiaProfileMode'.
electron/modules/ipcManager.ts(392,35): error TS7006: Parameter 'dirPath' implicitly has an 'any' type.
electron/modules/ipcManager.ts(400,50): error TS2339: Property 'message' does not exist on type '{}'.
electron/modules/ipcValidator.ts(3,10): error TS6133: 'validateIpcChannel' is declared but its value is never read.
electron/modules/ipcValidator.ts(3,29): error TS7006: Parameter 'channel' implicitly has an 'any' type.
electron/modules/ipcValidator.ts(3,38): error TS7006: Parameter 'allowedChannels' implicitly has an 'any' type.
electron/modules/ipcValidator.ts(13,36): error TS7006: Parameter 'channel' implicitly has an 'any' type.
electron/modules/ipcValidator.ts(13,45): error TS7006: Parameter 'payload' implicitly has an 'any' type.
electron/modules/ipcWrapper.ts(4,32): error TS7006: Parameter 'channelName' implicitly has an 'any' type.
electron/modules/ipcWrapper.ts(4,45): error TS7006: Parameter 'handlerFn' implicitly has an 'any' type.
electron/modules/ipcWrapper.ts(5,17): error TS7006: Parameter 'event' implicitly has an 'any' type.
electron/modules/ipcWrapper.ts(5,24): error TS7019: Rest parameter 'args' implicitly has an 'any[]' type.
electron/modules/ipcWrapper.ts(20,16): error TS18046: 'error' is of type 'unknown'.
electron/modules/ipcWrapper.ts(21,16): error TS18046: 'error' is of type 'unknown'.
electron/modules/licensePlatform.ts(9,10): error TS2339: Property 'cachedToken' does not exist on type 'LicensePlatformCore'.
electron/modules/licensePlatform.ts(62,83): error TS18046: 'e' is of type 'unknown'.
electron/modules/licensePlatform.ts(70,20): error TS7006: Parameter 'token' implicitly has an 'any' type.
electron/modules/licensePlatform.ts(74,12): error TS2339: Property 'cachedToken' does not exist on type 'LicensePlatformCore'.
electron/modules/licensePlatform.ts(77,76): error TS18046: 'e' is of type 'unknown'.
electron/modules/licensePlatform.ts(109,21): error TS7006: Parameter 'featureKey' implicitly has an 'any' type.
electron/modules/licensePlatform.ts(124,28): error TS7006: Parameter 'licenseKey' implicitly has an 'any' type.
electron/modules/lifecycleManager.ts(40,7): error TS2322: Type 'null' is not assignable to type 'BrowserWindow'.
electron/modules/lifecycleManager.ts(63,9): error TS2339: Property 'isQuitting' does not exist on type 'App'.
electron/modules/logger.ts(1,1): error TS6133: 'app' is declared but its value is never read.
electron/modules/logger.ts(2,1): error TS6133: 'fs' is declared but its value is never read.
electron/modules/logger.ts(3,1): error TS6133: 'path' is declared but its value is never read.
electron/modules/logger.ts(5,5): error TS6133: 'logStream' is declared but its value is never read.
electron/modules/logger.ts(6,5): error TS6133: 'currentLogFilePath' is declared but its value is never read.
electron/modules/logger.ts(7,5): error TS6133: 'currentLogDir' is declared but its value is never read.
electron/modules/logger.ts(8,5): error TS6133: 'currentLogSize' is declared but its value is never read.
electron/modules/logger.ts(9,7): error TS6133: 'MAX_LOG_SIZE' is declared but its value is never read.
electron/modules/logger.ts(21,26): error TS7006: Parameter 'str' implicitly has an 'any' type.
electron/modules/logger.ts(30,10): error TS7023: 'sanitizeLogMeta' implicitly has return type 'any' because it does not have a return type annotation and is referenced directly or indirectly in one of its return expressions.
electron/modules/logger.ts(30,26): error TS7006: Parameter 'meta' implicitly has an 'any' type.
electron/modules/logger.ts(39,18): error TS2339: Property 'code' does not exist on type 'Error'.
electron/modules/logger.ts(51,21): error TS7024: Function implicitly has return type 'any' because it does not have a return type annotation and is referenced directly or indirectly in one of its return expressions.
electron/modules/logger.ts(58,7): error TS7053: Element implicitly has an 'any' type because expression of type 'string' can't be used to index type '{}'.
  No index signature with a parameter of type 'string' was found on type '{}'.
electron/modules/logger.ts(60,7): error TS7053: Element implicitly has an 'any' type because expression of type 'string' can't be used to index type '{}'.
  No index signature with a parameter of type 'string' was found on type '{}'.
electron/modules/logger.ts(73,56): error TS18046: 'e' is of type 'unknown'.
electron/modules/logger.ts(73,74): error TS18046: 'e' is of type 'unknown'.
electron/modules/logger.ts(77,25): error TS7006: Parameter 'message' implicitly has an 'any' type.
electron/modules/logger.ts(83,25): error TS7006: Parameter 'message' implicitly has an 'any' type.
electron/modules/logger.ts(89,26): error TS7006: Parameter 'message' implicitly has an 'any' type.
electron/modules/logger.ts(95,10): error TS6133: 'closeLogger' is declared but its value is never read.
electron/modules/ltsPlatformEngine.ts(6,10): error TS2339: Property 'currentVersion' does not exist on type 'LtsPlatformEngineCore'.
electron/modules/ltsPlatformEngine.ts(7,10): error TS2339: Property 'deprecatedApis' does not exist on type 'LtsPlatformEngineCore'.
electron/modules/ltsPlatformEngine.ts(24,19): error TS7006: Parameter 'apiName' implicitly has an 'any' type.
electron/modules/ltsPlatformEngine.ts(25,17): error TS2339: Property 'deprecatedApis' does not exist on type 'LtsPlatformEngineCore'.
electron/modules/ltsPlatformEngine.ts(31,29): error TS7006: Parameter 'targetVersion' implicitly has an 'any' type.
electron/modules/ltsPlatformEngine.ts(39,67): error TS2339: Property 'currentVersion' does not exist on type 'LtsPlatformEngineCore'.
electron/modules/ltsPlatformEngine.ts(42,28): error TS2339: Property 'currentVersion' does not exist on type 'LtsPlatformEngineCore'.
electron/modules/ltsPlatformEngine.ts(53,28): error TS7006: Parameter 'fromVersion' implicitly has an 'any' type.
electron/modules/ltsPlatformEngine.ts(53,41): error TS7006: Parameter 'toVersion' implicitly has an 'any' type.
electron/modules/menuManager.ts(3,38): error TS7006: Parameter 'mainWindow' implicitly has an 'any' type.
electron/modules/menuManager.ts(3,50): error TS7006: Parameter 'onQuit' implicitly has an 'any' type.
electron/modules/nativeServices.ts(4,27): error TS7006: Parameter 'command' implicitly has an 'any' type.
electron/modules/nativeServices.ts(8,37): error TS7006: Parameter 'code' implicitly has an 'any' type.
electron/modules/nativeServices.ts(17,46): error TS7006: Parameter 'regPath' implicitly has an 'any' type.
electron/modules/nativeServices.ts(17,55): error TS7006: Parameter 'regName' implicitly has an 'any' type.
electron/modules/nativeServices.ts(21,37): error TS7006: Parameter 'script' implicitly has an 'any' type.
electron/modules/nativeServices.ts(25,45): error TS7006: Parameter 'script' implicitly has an 'any' type.
electron/modules/nativeServices.ts(29,41): error TS7006: Parameter 'code' implicitly has an 'any' type.
electron/modules/nativeServices.ts(69,35): error TS7006: Parameter 'regCmd' implicitly has an 'any' type.
electron/modules/nativeServices.ts(69,43): error TS7006: Parameter 'isHklm' implicitly has an 'any' type.
electron/modules/nextGenFoundationEngine.ts(8,10): error TS2339: Property 'abstractions' does not exist on type 'NextGenFoundationEngineCore'.
electron/modules/nextGenFoundationEngine.ts(9,10): error TS2551: Property 'experimentalFeatures' does not exist on type 'NextGenFoundationEngineCore'. Did you mean 'toggleExperimentalFeature'?
electron/modules/nextGenFoundationEngine.ts(45,23): error TS7006: Parameter 'type' implicitly has an 'any' type.
electron/modules/nextGenFoundationEngine.ts(45,29): error TS7006: Parameter 'providerSpec' implicitly has an 'any' type.
electron/modules/nextGenFoundationEngine.ts(46,10): error TS2339: Property 'abstractions' does not exist on type 'NextGenFoundationEngineCore'.
electron/modules/nextGenFoundationEngine.ts(53,31): error TS7006: Parameter 'featureSpec' implicitly has an 'any' type.
electron/modules/nextGenFoundationEngine.ts(54,10): error TS2551: Property 'experimentalFeatures' does not exist on type 'NextGenFoundationEngineCore'. Did you mean 'toggleExperimentalFeature'?
electron/modules/nextGenFoundationEngine.ts(61,29): error TS7006: Parameter 'featureId' implicitly has an 'any' type.
electron/modules/nextGenFoundationEngine.ts(61,40): error TS7006: Parameter 'enabled' implicitly has an 'any' type.
electron/modules/nextGenFoundationEngine.ts(62,23): error TS2551: Property 'experimentalFeatures' does not exist on type 'NextGenFoundationEngineCore'. Did you mean 'toggleExperimentalFeature'?
electron/modules/nextGenFoundationEngine.ts(67,10): error TS2551: Property 'experimentalFeatures' does not exist on type 'NextGenFoundationEngineCore'. Did you mean 'toggleExperimentalFeature'?
electron/modules/nextGenFoundationEngine.ts(76,36): error TS2339: Property 'abstractions' does not exist on type 'NextGenFoundationEngineCore'.
electron/modules/nextGenFoundationEngine.ts(77,27): error TS2551: Property 'experimentalFeatures' does not exist on type 'NextGenFoundationEngineCore'. Did you mean 'toggleExperimentalFeature'?
electron/modules/nvidiaProfileEngine.ts(11,46): error TS7006: Parameter 'mode' implicitly has an 'any' type.
electron/modules/nvidiaProfileEngine.ts(66,10): error TS7053: Element implicitly has an 'any' type because expression of type 'any' can't be used to index type '{ fps: { id: number; val: number; }[]; 'aaa-quality': { id: number; val: number; }[]; 'aaa-fps': { id: number; val: number; }[]; balanced: { id: number; val: number; }[]; }'.
electron/modules/nvidiaProfileEngine.ts(70,28): error TS7053: Element implicitly has an 'any' type because expression of type 'any' can't be used to index type '{ fps: { id: number; val: number; }[]; 'aaa-quality': { id: number; val: number; }[]; 'aaa-fps': { id: number; val: number; }[]; balanced: { id: number; val: number; }[]; }'.
electron/modules/nvidiaProfileEngine.ts(72,42): error TS7006: Parameter 's' implicitly has an 'any' type.
electron/modules/nvidiaProfileEngine.ts(108,52): error TS18046: 'e' is of type 'unknown'.
electron/modules/observabilityPlatformEngine.ts(9,10): error TS2339: Property 'moduleHealthRegistry' does not exist on type 'ObservabilityPlatformEngineCore'.
electron/modules/observabilityPlatformEngine.ts(10,10): error TS2339: Property 'startTime' does not exist on type 'ObservabilityPlatformEngineCore'.
electron/modules/observabilityPlatformEngine.ts(41,12): error TS2339: Property 'moduleHealthRegistry' does not exist on type 'ObservabilityPlatformEngineCore'.
electron/modules/observabilityPlatformEngine.ts(54,22): error TS7006: Parameter 'moduleName' implicitly has an 'any' type.
electron/modules/observabilityPlatformEngine.ts(55,26): error TS2339: Property 'moduleHealthRegistry' does not exist on type 'ObservabilityPlatformEngineCore'.
electron/modules/observabilityPlatformEngine.ts(65,59): error TS2339: Property 'startTime' does not exist on type 'ObservabilityPlatformEngineCore'.
electron/modules/observabilityPlatformEngine.ts(67,10): error TS2339: Property 'moduleHealthRegistry' does not exist on type 'ObservabilityPlatformEngineCore'.
electron/modules/observabilityPlatformEngine.ts(75,37): error TS2339: Property 'moduleHealthRegistry' does not exist on type 'ObservabilityPlatformEngineCore'.
electron/modules/optimizationEngine.ts(15,10): error TS2339: Property 'registry' does not exist on type 'OptimizationEngineCore'.
electron/modules/optimizationEngine.ts(16,10): error TS2339: Property 'executionQueue' does not exist on type 'OptimizationEngineCore'.
electron/modules/optimizationEngine.ts(17,10): error TS2339: Property 'isProcessing' does not exist on type 'OptimizationEngineCore'.
electron/modules/optimizationEngine.ts(23,24): error TS7006: Parameter 'item' implicitly has an 'any' type.
electron/modules/optimizationEngine.ts(27,10): error TS2339: Property 'registry' does not exist on type 'OptimizationEngineCore'.
electron/modules/optimizationEngine.ts(42,30): error TS7006: Parameter 'id' implicitly has an 'any' type.
electron/modules/optimizationEngine.ts(42,34): error TS7006: Parameter 'code' implicitly has an 'any' type.
electron/modules/optimizationEngine.ts(49,27): error TS7006: Parameter 'id' implicitly has an 'any' type.
electron/modules/optimizationEngine.ts(49,31): error TS7006: Parameter 'code' implicitly has an 'any' type.
electron/modules/optimizationEngine.ts(64,31): error TS2339: Property 'registry' does not exist on type 'OptimizationEngineCore'.
electron/modules/optimizationEngine.ts(107,79): error TS18046: 'error' is of type 'unknown'.
electron/modules/optimizationEngine.ts(115,29): error TS7006: Parameter 'id' implicitly has an 'any' type.
electron/modules/optimizationEngine.ts(115,33): error TS7006: Parameter 'code' implicitly has an 'any' type.
electron/modules/optimizationEngine.ts(158,77): error TS18046: 'error' is of type 'unknown'.
electron/modules/optimizationEngine.ts(166,33): error TS7006: Parameter 'ids' implicitly has an 'any' type.
electron/modules/optimizationEngine.ts(171,11): error TS7034: Variable 'failedIds' implicitly has type 'any[]' in some locations where its type cannot be determined.
electron/modules/optimizationEngine.ts(176,26): error TS7053: Element implicitly has an 'any' type because expression of type 'any' can't be used to index type '{}'.
electron/modules/optimizationEngine.ts(202,115): error TS18046: 'error' is of type 'unknown'.
electron/modules/optimizationEngine.ts(205,54): error TS7053: Element implicitly has an 'any' type because expression of type 'any' can't be used to index type '{}'.
electron/modules/optimizationEngine.ts(215,15): error TS7005: Variable 'failedIds' implicitly has an 'any[]' type.
electron/modules/packageManager.ts(6,10): error TS2339: Property 'packages' does not exist on type 'PackageManagerCore'.
electron/modules/packageManager.ts(12,19): error TS7006: Parameter 'pkg' implicitly has an 'any' type.
electron/modules/packageManager.ts(19,10): error TS2339: Property 'packages' does not exist on type 'PackageManagerCore'.
electron/modules/packageManager.ts(26,25): error TS7006: Parameter 'pkg' implicitly has an 'any' type.
electron/modules/packageManager.ts(28,11): error TS7034: Variable 'warnings' implicitly has type 'any[]' in some locations where its type cannot be determined.
electron/modules/packageManager.ts(32,38): error TS7005: Variable 'warnings' implicitly has an 'any[]' type.
electron/modules/packageManager.ts(49,25): error TS7006: Parameter 'pkg' implicitly has an 'any' type.
electron/modules/packageManager.ts(65,24): error TS7006: Parameter 'packageIds' implicitly has an 'any' type.
electron/modules/packageManager.ts(71,24): error TS2339: Property 'packages' does not exist on type 'PackageManagerCore'.
electron/modules/packageManager.ts(86,43): error TS2339: Property 'packages' does not exist on type 'PackageManagerCore'.
electron/modules/packageManager.ts(88,39): error TS2339: Property 'packages' does not exist on type 'PackageManagerCore'.
electron/modules/packageManager.ts(113,28): error TS2339: Property 'packages' does not exist on type 'PackageManagerCore'.
electron/modules/packageManager.ts(119,14): error TS7006: Parameter 'id' implicitly has an 'any' type.
electron/modules/packageManager.ts(120,17): error TS2339: Property 'packages' does not exist on type 'PackageManagerCore'.
electron/modules/pinoLogger.ts(6,5): error TS7034: Variable 'pinoLogger' implicitly has type 'any' in some locations where its type cannot be determined.
electron/modules/pinoLogger.ts(9,7): error TS7005: Variable 'pinoLogger' implicitly has an 'any' type.
electron/modules/pinoLogger.ts(33,25): error TS7006: Parameter 'message' implicitly has an 'any' type.
electron/modules/pinoLogger.ts(34,18): error TS7005: Variable 'pinoLogger' implicitly has an 'any' type.
electron/modules/pinoLogger.ts(38,25): error TS7006: Parameter 'message' implicitly has an 'any' type.
electron/modules/pinoLogger.ts(39,18): error TS7005: Variable 'pinoLogger' implicitly has an 'any' type.
electron/modules/pinoLogger.ts(43,26): error TS7006: Parameter 'message' implicitly has an 'any' type.
electron/modules/pinoLogger.ts(44,18): error TS7005: Variable 'pinoLogger' implicitly has an 'any' type.
electron/modules/platformEvolutionEngine.ts(25,88): error TS18046: 'e' is of type 'unknown'.
electron/modules/platformEvolutionEngine.ts(30,24): error TS7006: Parameter 'history' implicitly has an 'any' type.
electron/modules/platformEvolutionEngine.ts(36,88): error TS18046: 'e' is of type 'unknown'.
electron/modules/platformEvolutionEngine.ts(44,27): error TS7006: Parameter 'change' implicitly has an 'any' type.
electron/modules/platformEvolutionEngine.ts(63,45): error TS2339: Property 'currentVersion' does not exist on type 'LtsPlatformEngineCore'.
electron/modules/platformGovernanceEngine.ts(11,10): error TS2339: Property 'policies' does not exist on type 'PlatformGovernanceEngineCore'.
electron/modules/platformGovernanceEngine.ts(32,90): error TS18046: 'e' is of type 'unknown'.
electron/modules/platformGovernanceEngine.ts(37,25): error TS7006: Parameter 'history' implicitly has an 'any' type.
electron/modules/platformGovernanceEngine.ts(43,90): error TS18046: 'e' is of type 'unknown'.
electron/modules/platformGovernanceEngine.ts(54,18): error TS7006: Parameter 'policyRule' implicitly has an 'any' type.
electron/modules/platformGovernanceEngine.ts(55,10): error TS2339: Property 'policies' does not exist on type 'PlatformGovernanceEngineCore'.
electron/modules/platformGovernanceEngine.ts(78,77): error TS18046: 'e' is of type 'unknown'.
electron/modules/platformGovernanceEngine.ts(91,78): error TS18046: 'e' is of type 'unknown'.
electron/modules/platformGovernanceEngine.ts(97,71): error TS2339: Property 'currentVersion' does not exist on type 'LtsPlatformEngineCore'.
electron/modules/platformGovernanceEngine.ts(104,73): error TS18046: 'e' is of type 'unknown'.
electron/modules/platformIntegrationEngine.ts(9,10): error TS2339: Property 'contracts' does not exist on type 'PlatformIntegrationEngineCore'.
electron/modules/platformIntegrationEngine.ts(10,10): error TS2339: Property 'eventListeners' does not exist on type 'PlatformIntegrationEngineCore'.
electron/modules/platformIntegrationEngine.ts(31,92): error TS18046: 'e' is of type 'unknown'.
electron/modules/platformIntegrationEngine.ts(36,26): error TS7006: Parameter 'history' implicitly has an 'any' type.
electron/modules/platformIntegrationEngine.ts(42,92): error TS18046: 'e' is of type 'unknown'.
electron/modules/platformIntegrationEngine.ts(63,20): error TS7006: Parameter 'contract' implicitly has an 'any' type.
electron/modules/platformIntegrationEngine.ts(64,10): error TS2339: Property 'contracts' does not exist on type 'PlatformIntegrationEngineCore'.
electron/modules/platformIntegrationEngine.ts(71,27): error TS7006: Parameter 'channel' implicitly has an 'any' type.
electron/modules/platformIntegrationEngine.ts(72,28): error TS2339: Property 'eventListeners' does not exist on type 'PlatformIntegrationEngineCore'.
electron/modules/platformIntegrationEngine.ts(77,98): error TS18046: 'err' is of type 'unknown'.
electron/modules/platformIntegrationEngine.ts(82,29): error TS7006: Parameter 'channel' implicitly has an 'any' type.
electron/modules/platformIntegrationEngine.ts(82,38): error TS7006: Parameter 'listenerFn' implicitly has an 'any' type.
electron/modules/platformIntegrationEngine.ts(83,15): error TS2339: Property 'eventListeners' does not exist on type 'PlatformIntegrationEngineCore'.
electron/modules/platformIntegrationEngine.ts(84,12): error TS2339: Property 'eventListeners' does not exist on type 'PlatformIntegrationEngineCore'.
electron/modules/platformIntegrationEngine.ts(86,10): error TS2339: Property 'eventListeners' does not exist on type 'PlatformIntegrationEngineCore'.
electron/modules/platformIntegrationEngine.ts(99,17): error TS6133: 'id' is declared but its value is never read.
electron/modules/platformIntegrationEngine.ts(99,39): error TS2339: Property 'contracts' does not exist on type 'PlatformIntegrationEngineCore'.
electron/modules/platformIntegrationEngine.ts(100,48): error TS18046: 'm' is of type 'unknown'.
electron/modules/platformIntegrationEngine.ts(101,26): error TS2339: Property 'status' does not exist on type '{}'.
electron/modules/platformIntegrationEngine.ts(111,37): error TS2339: Property 'contracts' does not exist on type 'PlatformIntegrationEngineCore'.
electron/modules/platformIntegrationEngine.ts(112,34): error TS2339: Property 'contracts' does not exist on type 'PlatformIntegrationEngineCore'.
electron/modules/platformIntegrationEngine.ts(130,24): error TS2339: Property 'contracts' does not exist on type 'PlatformIntegrationEngineCore'.
electron/modules/platformIntegrationEngine.ts(131,38): error TS2339: Property 'contracts' does not exist on type 'PlatformIntegrationEngineCore'.
electron/modules/platformIntegrationEngine.ts(131,70): error TS18046: 'c' is of type 'unknown'.
electron/modules/productionOperationsPlatformEngine.ts(9,10): error TS2339: Property 'currentMode' does not exist on type 'ProductionOperationsPlatformEngineCore'.
electron/modules/productionOperationsPlatformEngine.ts(10,10): error TS2339: Property 'isMaintenanceActive' does not exist on type 'ProductionOperationsPlatformEngineCore'.
electron/modules/productionOperationsPlatformEngine.ts(11,10): error TS2339: Property 'startTime' does not exist on type 'ProductionOperationsPlatformEngineCore'.
electron/modules/productionOperationsPlatformEngine.ts(31,100): error TS18046: 'e' is of type 'unknown'.
electron/modules/productionOperationsPlatformEngine.ts(36,25): error TS7006: Parameter 'history' implicitly has an 'any' type.
electron/modules/productionOperationsPlatformEngine.ts(42,100): error TS18046: 'e' is of type 'unknown'.
electron/modules/productionOperationsPlatformEngine.ts(50,23): error TS7006: Parameter 'action' implicitly has an 'any' type.
electron/modules/productionOperationsPlatformEngine.ts(71,22): error TS7006: Parameter 'mode' implicitly has an 'any' type.
electron/modules/productionOperationsPlatformEngine.ts(72,10): error TS2339: Property 'currentMode' does not exist on type 'ProductionOperationsPlatformEngineCore'.
electron/modules/productionOperationsPlatformEngine.ts(81,10): error TS2339: Property 'isMaintenanceActive' does not exist on type 'ProductionOperationsPlatformEngineCore'.
electron/modules/productionOperationsPlatformEngine.ts(90,10): error TS2339: Property 'isMaintenanceActive' does not exist on type 'ProductionOperationsPlatformEngineCore'.
electron/modules/productionOperationsPlatformEngine.ts(100,57): error TS18046: 'm' is of type 'unknown'.
electron/modules/productionOperationsPlatformEngine.ts(103,18): error TS2339: Property 'currentMode' does not exist on type 'ProductionOperationsPlatformEngineCore'.
electron/modules/productionOperationsPlatformEngine.ts(104,33): error TS2339: Property 'isMaintenanceActive' does not exist on type 'ProductionOperationsPlatformEngineCore'.
electron/modules/productionOperationsPlatformEngine.ts(107,52): error TS2339: Property 'startTime' does not exist on type 'ProductionOperationsPlatformEngineCore'.
electron/modules/productionReadinessPlatformEngine.ts(30,140): error TS18046: 'e' is of type 'unknown'.
electron/modules/productionReadinessPlatformEngine.ts(46,142): error TS18046: 'e' is of type 'unknown'.
electron/modules/productionReadinessPlatformEngine.ts(62,157): error TS18046: 'e' is of type 'unknown'.
electron/modules/productionReadinessPlatformEngine.ts(68,44): error TS7006: Parameter 'c' implicitly has an 'any' type.
electron/modules/productionReadinessPlatformEngine.ts(79,138): error TS18046: 'e' is of type 'unknown'.
electron/modules/publicApiFramework.ts(9,10): error TS2339: Property 'apiVersion' does not exist on type 'PublicApiFrameworkCore'.
electron/modules/publicApiFramework.ts(10,10): error TS2339: Property 'serviceRegistry' does not exist on type 'PublicApiFrameworkCore'.
electron/modules/publicApiFramework.ts(11,10): error TS2339: Property 'automationTasks' does not exist on type 'PublicApiFrameworkCore'.
electron/modules/publicApiFramework.ts(30,57): error TS7006: Parameter 'params' implicitly has an 'any' type.
electron/modules/publicApiFramework.ts(50,19): error TS7006: Parameter 'endpoint' implicitly has an 'any' type.
electron/modules/publicApiFramework.ts(50,29): error TS7006: Parameter 'handlerFn' implicitly has an 'any' type.
electron/modules/publicApiFramework.ts(54,10): error TS2339: Property 'serviceRegistry' does not exist on type 'PublicApiFrameworkCore'.
electron/modules/publicApiFramework.ts(61,16): error TS7006: Parameter 'endpoint' implicitly has an 'any' type.
electron/modules/publicApiFramework.ts(63,26): error TS2339: Property 'serviceRegistry' does not exist on type 'PublicApiFrameworkCore'.
electron/modules/publicApiFramework.ts(70,74): error TS2339: Property 'apiVersion' does not exist on type 'PublicApiFrameworkCore'.
electron/modules/publicApiFramework.ts(79,74): error TS2339: Property 'apiVersion' does not exist on type 'PublicApiFrameworkCore'.
electron/modules/publicApiFramework.ts(82,84): error TS18046: 'err' is of type 'unknown'.
electron/modules/publicApiFramework.ts(85,52): error TS18046: 'err' is of type 'unknown'.
electron/modules/publicApiFramework.ts(86,74): error TS2339: Property 'apiVersion' does not exist on type 'PublicApiFrameworkCore'.
electron/modules/qualityPlatformEngine.ts(9,10): error TS2339: Property 'validators' does not exist on type 'QualityPlatformEngineCore'.
electron/modules/qualityPlatformEngine.ts(42,42): error TS7006: Parameter 'c' implicitly has an 'any' type.
electron/modules/qualityPlatformEngine.ts(66,21): error TS7006: Parameter 'gateId' implicitly has an 'any' type.
electron/modules/qualityPlatformEngine.ts(66,29): error TS7006: Parameter 'validatorFn' implicitly has an 'any' type.
electron/modules/qualityPlatformEngine.ts(70,10): error TS2339: Property 'validators' does not exist on type 'QualityPlatformEngineCore'.
electron/modules/qualityPlatformEngine.ts(85,46): error TS2339: Property 'validators' does not exist on type 'QualityPlatformEngineCore'.
electron/modules/qualityPlatformEngine.ts(92,90): error TS18046: 'err' is of type 'unknown'.
electron/modules/qualityPlatformEngine.ts(98,20): error TS18046: 'err' is of type 'unknown'.
electron/modules/releaseEngineeringPlatformEngine.ts(26,95): error TS18046: 'e' is of type 'unknown'.
electron/modules/releaseEngineeringPlatformEngine.ts(31,22): error TS7006: Parameter 'releases' implicitly has an 'any' type.
electron/modules/releaseEngineeringPlatformEngine.ts(37,95): error TS18046: 'e' is of type 'unknown'.
electron/modules/releaseEngineeringPlatformEngine.ts(45,18): error TS7006: Parameter 'version' implicitly has an 'any' type.
electron/modules/releaseEngineeringPlatformEngine.ts(52,32): error TS7006: Parameter 'version' implicitly has an 'any' type.
electron/modules/schedulerEngine.ts(11,10): error TS2339: Property 'queue' does not exist on type 'OptimizationSchedulerEngineCore'.
electron/modules/schedulerEngine.ts(12,10): error TS2339: Property 'history' does not exist on type 'OptimizationSchedulerEngineCore'.
electron/modules/schedulerEngine.ts(13,10): error TS2339: Property 'isProcessing' does not exist on type 'OptimizationSchedulerEngineCore'.
electron/modules/schedulerEngine.ts(14,10): error TS2339: Property 'isPaused' does not exist on type 'OptimizationSchedulerEngineCore'.
electron/modules/schedulerEngine.ts(15,10): error TS2339: Property 'activeTask' does not exist on type 'OptimizationSchedulerEngineCore'.
electron/modules/schedulerEngine.ts(35,74): error TS18046: 'e' is of type 'unknown'.
electron/modules/schedulerEngine.ts(40,19): error TS7006: Parameter 'history' implicitly has an 'any' type.
electron/modules/schedulerEngine.ts(46,74): error TS18046: 'e' is of type 'unknown'.
electron/modules/schedulerEngine.ts(54,16): error TS7006: Parameter 'task' implicitly has an 'any' type.
electron/modules/schedulerEngine.ts(72,10): error TS2339: Property 'queue' does not exist on type 'OptimizationSchedulerEngineCore'.
electron/modules/schedulerEngine.ts(74,10): error TS2339: Property 'queue' does not exist on type 'OptimizationSchedulerEngineCore'.
electron/modules/schedulerEngine.ts(74,22): error TS7006: Parameter 'a' implicitly has an 'any' type.
electron/modules/schedulerEngine.ts(74,25): error TS7006: Parameter 'b' implicitly has an 'any' type.
electron/modules/schedulerEngine.ts(87,10): error TS2339: Property 'isPaused' does not exist on type 'OptimizationSchedulerEngineCore'.
electron/modules/schedulerEngine.ts(95,10): error TS2339: Property 'isPaused' does not exist on type 'OptimizationSchedulerEngineCore'.
electron/modules/schedulerEngine.ts(103,14): error TS7006: Parameter 'taskId' implicitly has an 'any' type.
electron/modules/schedulerEngine.ts(104,24): error TS2339: Property 'queue' does not exist on type 'OptimizationSchedulerEngineCore'.
electron/modules/schedulerEngine.ts(104,40): error TS7006: Parameter 't' implicitly has an 'any' type.
electron/modules/schedulerEngine.ts(106,32): error TS2339: Property 'queue' does not exist on type 'OptimizationSchedulerEngineCore'.
electron/modules/schedulerEngine.ts(118,14): error TS2339: Property 'isProcessing' does not exist on type 'OptimizationSchedulerEngineCore'.
electron/modules/schedulerEngine.ts(118,35): error TS2339: Property 'isPaused' does not exist on type 'OptimizationSchedulerEngineCore'.
electron/modules/schedulerEngine.ts(118,52): error TS2339: Property 'queue' does not exist on type 'OptimizationSchedulerEngineCore'.
electron/modules/schedulerEngine.ts(122,10): error TS2339: Property 'isProcessing' does not exist on type 'OptimizationSchedulerEngineCore'.
electron/modules/schedulerEngine.ts(123,23): error TS2339: Property 'queue' does not exist on type 'OptimizationSchedulerEngineCore'.
electron/modules/schedulerEngine.ts(124,10): error TS2339: Property 'activeTask' does not exist on type 'OptimizationSchedulerEngineCore'.
electron/modules/schedulerEngine.ts(155,20): error TS18046: 'error' is of type 'unknown'.
electron/modules/schedulerEngine.ts(157,72): error TS18046: 'error' is of type 'unknown'.
electron/modules/schedulerEngine.ts(163,14): error TS2339: Property 'queue' does not exist on type 'OptimizationSchedulerEngineCore'.
electron/modules/schedulerEngine.ts(172,12): error TS2339: Property 'activeTask' does not exist on type 'OptimizationSchedulerEngineCore'.
electron/modules/schedulerEngine.ts(173,12): error TS2339: Property 'isProcessing' does not exist on type 'OptimizationSchedulerEngineCore'.
electron/modules/securityManager.ts(4,28): error TS7006: Parameter 'str' implicitly has an 'any' type.
electron/modules/securityManager.ts(9,33): error TS7006: Parameter 'str' implicitly has an 'any' type.
electron/modules/securityManager.ts(13,33): error TS7006: Parameter 'str' implicitly has an 'any' type.
electron/modules/securityManager.ts(17,10): error TS6133: 'sanitizeInput' is declared but its value is never read.
electron/modules/securityManager.ts(17,24): error TS7006: Parameter 'str' implicitly has an 'any' type.
electron/modules/securityManager.ts(22,10): error TS6133: 'setupSecurityPolicies' is declared but its value is never read.
electron/modules/securityManager.ts(26,43): error TS7006: Parameter 'win' implicitly has an 'any' type.
electron/modules/securityManager.ts(30,40): error TS7006: Parameter 'event' implicitly has an 'any' type.
electron/modules/securityPlatformEngine.ts(6,10): error TS2339: Property 'securityViolationsCount' does not exist on type 'SecurityPlatformEngineCore'.
electron/modules/securityPlatformEngine.ts(7,10): error TS2339: Property 'masterKey' does not exist on type 'SecurityPlatformEngineCore'.
electron/modules/securityPlatformEngine.ts(13,19): error TS7006: Parameter 'str' implicitly has an 'any' type.
electron/modules/securityPlatformEngine.ts(25,19): error TS7006: Parameter 'str' implicitly has an 'any' type.
electron/modules/securityPlatformEngine.ts(37,17): error TS7006: Parameter 'plainText' implicitly has an 'any' type.
electron/modules/securityPlatformEngine.ts(40,64): error TS2339: Property 'masterKey' does not exist on type 'SecurityPlatformEngineCore'.
electron/modules/securityPlatformEngine.ts(51,71): error TS18046: 'e' is of type 'unknown'.
electron/modules/securityPlatformEngine.ts(59,17): error TS7006: Parameter 'encryptedObj' implicitly has an 'any' type.
electron/modules/securityPlatformEngine.ts(61,68): error TS2339: Property 'masterKey' does not exist on type 'SecurityPlatformEngineCore'.
electron/modules/securityPlatformEngine.ts(67,71): error TS18046: 'e' is of type 'unknown'.
electron/modules/securityPlatformEngine.ts(75,21): error TS7006: Parameter 'manifest' implicitly has an 'any' type.
electron/modules/securityPlatformEngine.ts(77,12): error TS2339: Property 'securityViolationsCount' does not exist on type 'SecurityPlatformEngineCore'.
electron/modules/securityPlatformEngine.ts(83,60): error TS7006: Parameter 'p' implicitly has an 'any' type.
electron/modules/securityPlatformEngine.ts(86,12): error TS2339: Property 'securityViolationsCount' does not exist on type 'SecurityPlatformEngineCore'.
electron/modules/securityPlatformEngine.ts(98,43): error TS2339: Property 'securityViolationsCount' does not exist on type 'SecurityPlatformEngineCore'.
electron/modules/securityPlatformEngine.ts(104,29): error TS2339: Property 'securityViolationsCount' does not exist on type 'SecurityPlatformEngineCore'.
electron/modules/selfHealingPlatformEngine.ts(10,10): error TS2339: Property 'circuitBreakerCount' does not exist on type 'SelfHealingPlatformEngineCore'.
electron/modules/selfHealingPlatformEngine.ts(30,93): error TS18046: 'e' is of type 'unknown'.
electron/modules/selfHealingPlatformEngine.ts(35,23): error TS7006: Parameter 'history' implicitly has an 'any' type.
electron/modules/selfHealingPlatformEngine.ts(41,93): error TS18046: 'e' is of type 'unknown'.
electron/modules/selfHealingPlatformEngine.ts(55,29): error TS2339: Property 'safeModeTriggered' does not exist on type 'CrashPlatformEngineCore'.
electron/modules/selfHealingPlatformEngine.ts(70,59): error TS18046: 'm' is of type 'unknown'.
electron/modules/selfHealingPlatformEngine.ts(79,71): error TS18046: 'm' is of type 'unknown'.
electron/modules/selfHealingPlatformEngine.ts(79,101): error TS18046: 'm' is of type 'unknown'.
electron/modules/selfHealingPlatformEngine.ts(89,29): error TS7006: Parameter 'plan' implicitly has an 'any' type.
electron/modules/selfHealingPlatformEngine.ts(95,14): error TS2339: Property 'circuitBreakerCount' does not exist on type 'SelfHealingPlatformEngineCore'.
electron/modules/selfHealingPlatformEngine.ts(100,10): error TS2339: Property 'circuitBreakerCount' does not exist on type 'SelfHealingPlatformEngineCore'.
electron/modules/statsDatabase.ts(20,63): error TS18046: 'error' is of type 'unknown'.
electron/modules/statsDatabase.ts(30,52): error TS18046: 'error' is of type 'unknown'.
electron/modules/statsDatabase.ts(35,32): error TS7006: Parameter 'gameId' implicitly has an 'any' type.
electron/modules/statsDatabase.ts(35,40): error TS7006: Parameter 'gameName' implicitly has an 'any' type.
electron/modules/statsDatabase.ts(35,50): error TS7006: Parameter 'sessionData' implicitly has an 'any' type.
electron/modules/statsDatabase.ts(55,54): error TS18046: 'error' is of type 'unknown'.
electron/modules/sysInfoWorker.ts(25,9): error TS18047: 'parentPort' is possibly 'null'.
electron/modules/sysInfoWorker.ts(36,9): error TS18047: 'parentPort' is possibly 'null'.
electron/modules/sysInfoWorker.ts(46,9): error TS18047: 'parentPort' is possibly 'null'.
electron/modules/sysInfoWorker.ts(52,9): error TS18047: 'parentPort' is possibly 'null'.
electron/modules/sysInfoWorker.ts(59,7): error TS18047: 'parentPort' is possibly 'null'.
electron/modules/sysInfoWorker.ts(62,16): error TS18046: 'err' is of type 'unknown'.
electron/modules/systemInfo.ts(6,1): error TS6133: 'execAsync' is declared but its value is never read.
electron/modules/systemInfo.ts(7,1): error TS6133: 'checkDiskSpace' is declared but its value is never read.
electron/modules/systemInfo.ts(15,5): error TS7034: Variable 'sysWorker' implicitly has type 'any' in some locations where its type cannot be determined.
electron/modules/systemInfo.ts(20,8): error TS7005: Variable 'sysWorker' implicitly has an 'any' type.
electron/modules/systemInfo.ts(50,78): error TS2339: Property 'message' does not exist on type '{}'.
electron/modules/systemInfo.ts(58,7): error TS7005: Variable 'sysWorker' implicitly has an 'any' type.
electron/modules/systemInfo.ts(68,35): error TS7006: Parameter 'type' implicitly has an 'any' type.
electron/modules/systemInfo.ts(85,5): error TS7034: Variable 'previousCpuTimes' implicitly has type 'any' in some locations where its type cannot be determined.
electron/modules/systemInfo.ts(93,16): error TS7053: Element implicitly has an 'any' type because expression of type 'string' can't be used to index type '{ user: number; nice: number; sys: number; idle: number; irq: number; }'.
  No index signature with a parameter of type 'string' was found on type '{ user: number; nice: number; sys: number; idle: number; irq: number; }'.
electron/modules/systemInfo.ts(103,9): error TS7005: Variable 'previousCpuTimes' implicitly has an 'any' type.
electron/modules/systemInfo.ts(112,66): error TS18046: 'e' is of type 'unknown'.
electron/modules/systemInfo.ts(116,43): error TS7006: Parameter 'pid' implicitly has an 'any' type.
electron/modules/systemInfo.ts(124,5): error TS7034: Variable 'cpuInterval' implicitly has type 'any' in some locations where its type cannot be determined.
electron/modules/systemInfo.ts(127,8): error TS7005: Variable 'cpuInterval' implicitly has an 'any' type.
electron/modules/systemInfo.ts(145,18): error TS2339: Property 'cpuName' does not exist on type '{}'.
electron/modules/systemInfo.ts(145,51): error TS2339: Property 'cpuName' does not exist on type '{}'.
electron/modules/systemInfo.ts(146,18): error TS2339: Property 'osName' does not exist on type '{}'.
electron/modules/systemInfo.ts(146,49): error TS2339: Property 'osName' does not exist on type '{}'.
electron/modules/systemInfo.ts(148,88): error TS18046: 'e' is of type 'unknown'.
electron/modules/systemInfo.ts(155,74): error TS18046: 'fallbackErr' is of type 'unknown'.
electron/modules/systemInfo.ts(175,39): error TS2322: Type '{ name: any; type: string; total: number; free: number; }[]' is not assignable to type 'never[]'.
  Type '{ name: any; type: string; total: number; free: number; }' is not assignable to type 'never'.
electron/modules/systemInfo.ts(178,89): error TS18046: 'e' is of type 'unknown'.
electron/modules/systemInfo.ts(188,39): error TS2322: Type '{ name: string; type: string; total: number; free: number; }[]' is not assignable to type 'never[]'.
  Type '{ name: string; type: string; total: number; free: number; }' is not assignable to type 'never'.
electron/modules/systemInfo.ts(190,71): error TS18046: 'fallbackErr' is of type 'unknown'.
electron/modules/systemInfo.ts(199,5): error TS7034: Variable 'metricsInterval' implicitly has type 'any' in some locations where its type cannot be determined.
electron/modules/systemInfo.ts(204,8): error TS7005: Variable 'metricsInterval' implicitly has an 'any' type.
electron/modules/systemInfo.ts(211,7): error TS7005: Variable 'metricsInterval' implicitly has an 'any' type.
electron/modules/systemInfo.ts(215,7): error TS7005: Variable 'cpuInterval' implicitly has an 'any' type.
electron/modules/systemInfo.ts(222,8): error TS7005: Variable 'metricsInterval' implicitly has an 'any' type.
electron/modules/systemInfo.ts(230,29): error TS7006: Parameter 'data' implicitly has an 'any' type.
electron/modules/systemInfo.ts(267,29): error TS7006: Parameter 'gpu' implicitly has an 'any' type.
electron/modules/systemInfo.ts(295,45): error TS7006: Parameter 'mod' implicitly has an 'any' type.
electron/modules/systemInfo.ts(318,37): error TS7006: Parameter 'disk' implicitly has an 'any' type.
electron/modules/systemInfo.ts(375,5): error TS7034: Variable 'hardwareSpecsCache' implicitly has type 'any' in some locations where its type cannot be determined.
electron/modules/systemInfo.ts(378,5): error TS7034: Variable 'hardwareSpecsPromise' implicitly has type 'any' in some locations where its type cannot be determined.
electron/modules/systemInfo.ts(381,7): error TS7005: Variable 'hardwareSpecsCache' implicitly has an 'any' type.
electron/modules/systemInfo.ts(384,7): error TS7005: Variable 'hardwareSpecsPromise' implicitly has an 'any' type.
electron/modules/systemInfo.ts(390,15): error TS2339: Property 'cpu' does not exist on type 'unknown'.
electron/modules/systemInfo.ts(390,20): error TS2339: Property 'gpus' does not exist on type 'unknown'.
electron/modules/systemInfo.ts(390,26): error TS2339: Property 'mem' does not exist on type 'unknown'.
electron/modules/systemInfo.ts(390,31): error TS2339: Property 'mb' does not exist on type 'unknown'.
electron/modules/systemInfo.ts(390,35): error TS2339: Property 'bios' does not exist on type 'unknown'.
electron/modules/systemInfo.ts(390,41): error TS2339: Property 'diskLayout' does not exist on type 'unknown'.
electron/modules/systemInfo.ts(390,53): error TS2339: Property 'memLayout' does not exist on type 'unknown'.
electron/modules/systemInfo.ts(402,70): error TS7006: Parameter 'g' implicitly has an 'any' type.
electron/modules/systemInfo.ts(442,89): error TS18046: 'e' is of type 'unknown'.
electron/modules/systemInfo.ts(502,67): error TS18046: 'fallbackErr' is of type 'unknown'.
electron/modules/trayManager.ts(12,5): error TS7034: Variable 'trayInstance' implicitly has type 'any' in some locations where its type cannot be determined.
electron/modules/trayManager.ts(14,33): error TS7006: Parameter 'mainWindow' implicitly has an 'any' type.
electron/modules/trayManager.ts(20,13): error TS2339: Property 'isQuitting' does not exist on type 'App'.
electron/modules/trayManager.ts(35,56): error TS18046: 'e' is of type 'unknown'.
electron/modules/trayManager.ts(35,74): error TS18046: 'e' is of type 'unknown'.
electron/modules/trayManager.ts(38,10): error TS7005: Variable 'trayInstance' implicitly has an 'any' type.
electron/modules/updateManager.ts(9,10): error TS6133: 'checkForUpdatesManual' is declared but its value is never read.
electron/modules/updatePlatformEngine.ts(11,10): error TS2339: Property 'currentVersion' does not exist on type 'UpdatePlatformEngineCore'.
electron/modules/updatePlatformEngine.ts(12,10): error TS2339: Property 'currentChannel' does not exist on type 'UpdatePlatformEngineCore'.
electron/modules/updatePlatformEngine.ts(13,10): error TS2339: Property 'status' does not exist on type 'UpdatePlatformEngineCore'.
electron/modules/updatePlatformEngine.ts(45,19): error TS7006: Parameter 'v1' implicitly has an 'any' type.
electron/modules/updatePlatformEngine.ts(45,23): error TS7006: Parameter 'v2' implicitly has an 'any' type.
electron/modules/updatePlatformEngine.ts(46,47): error TS7006: Parameter 'n' implicitly has an 'any' type.
electron/modules/updatePlatformEngine.ts(47,47): error TS7006: Parameter 'n' implicitly has an 'any' type.
electron/modules/updatePlatformEngine.ts(60,27): error TS7006: Parameter 'filePath' implicitly has an 'any' type.
electron/modules/updatePlatformEngine.ts(60,37): error TS7006: Parameter 'expectedSha256' implicitly has an 'any' type.
electron/modules/updatePlatformEngine.ts(84,10): error TS2339: Property 'currentChannel' does not exist on type 'UpdatePlatformEngineCore'.
electron/modules/updatePlatformEngine.ts(85,10): error TS2339: Property 'status' does not exist on type 'UpdatePlatformEngineCore'.
electron/modules/updatePlatformEngine.ts(86,100): error TS2339: Property 'currentVersion' does not exist on type 'UpdatePlatformEngineCore'.
electron/modules/updatePlatformEngine.ts(90,10): error TS2339: Property 'status' does not exist on type 'UpdatePlatformEngineCore'.
electron/modules/updatePlatformEngine.ts(94,28): error TS2339: Property 'currentVersion' does not exist on type 'UpdatePlatformEngineCore'.
electron/modules/updatePlatformEngine.ts(104,10): error TS2339: Property 'status' does not exist on type 'UpdatePlatformEngineCore'.
electron/modules/updatePlatformEngine.ts(105,93): error TS2339: Property 'currentVersion' does not exist on type 'UpdatePlatformEngineCore'.
electron/modules/updatePlatformEngine.ts(113,16): error TS2339: Property 'status' does not exist on type 'UpdatePlatformEngineCore'.
electron/modules/updatePlatformEngine.ts(114,59): error TS2339: Property 'currentVersion' does not exist on type 'UpdatePlatformEngineCore'.
electron/modules/updatePlatformEngine.ts(114,95): error TS2339: Property 'currentVersion' does not exist on type 'UpdatePlatformEngineCore'.
electron/modules/updatePlatformEngine.ts(121,46): error TS7006: Parameter 'r' implicitly has an 'any' type.
electron/modules/updatePlatformEngine.ts(124,14): error TS2339: Property 'status' does not exist on type 'UpdatePlatformEngineCore'.
electron/modules/updatePlatformEngine.ts(125,57): error TS2339: Property 'currentVersion' does not exist on type 'UpdatePlatformEngineCore'.
electron/modules/updatePlatformEngine.ts(125,93): error TS2339: Property 'currentVersion' does not exist on type 'UpdatePlatformEngineCore'.
electron/modules/updatePlatformEngine.ts(131,67): error TS2339: Property 'currentVersion' does not exist on type 'UpdatePlatformEngineCore'.
electron/modules/updatePlatformEngine.ts(134,14): error TS2339: Property 'status' does not exist on type 'UpdatePlatformEngineCore'.
electron/modules/updatePlatformEngine.ts(137,32): error TS2339: Property 'currentVersion' does not exist on type 'UpdatePlatformEngineCore'.
electron/modules/updatePlatformEngine.ts(144,14): error TS2339: Property 'status' does not exist on type 'UpdatePlatformEngineCore'.
electron/modules/updatePlatformEngine.ts(145,57): error TS2339: Property 'currentVersion' does not exist on type 'UpdatePlatformEngineCore'.
electron/modules/updatePlatformEngine.ts(148,78): error TS18046: 'e' is of type 'unknown'.
electron/modules/updatePlatformEngine.ts(149,12): error TS2339: Property 'status' does not exist on type 'UpdatePlatformEngineCore'.
electron/modules/updatePlatformEngine.ts(150,55): error TS2339: Property 'currentVersion' does not exist on type 'UpdatePlatformEngineCore'.
electron/modules/updatePlatformEngine.ts(150,78): error TS18046: 'e' is of type 'unknown'.
electron/modules/validationEngine.ts(6,10): error TS2339: Property 'customValidators' does not exist on type 'ValidationEngineCore'.
electron/modules/validationEngine.ts(12,27): error TS7006: Parameter 'id' implicitly has an 'any' type.
electron/modules/validationEngine.ts(12,31): error TS7006: Parameter 'validatorFn' implicitly has an 'any' type.
electron/modules/validationEngine.ts(16,10): error TS2339: Property 'customValidators' does not exist on type 'ValidationEngineCore'.
electron/modules/validationEngine.ts(23,27): error TS7006: Parameter 'id' implicitly has an 'any' type.
electron/modules/validationEngine.ts(23,31): error TS7006: Parameter 'code' implicitly has an 'any' type.
electron/modules/validationEngine.ts(26,11): error TS7034: Variable 'warnings' implicitly has type 'any[]' in some locations where its type cannot be determined.
electron/modules/validationEngine.ts(31,38): error TS7005: Variable 'warnings' implicitly has an 'any[]' type.
electron/modules/validationEngine.ts(46,14): error TS2339: Property 'customValidators' does not exist on type 'ValidationEngineCore'.
electron/modules/validationEngine.ts(48,38): error TS2339: Property 'customValidators' does not exist on type 'ValidationEngineCore'.
electron/modules/validationEngine.ts(54,61): error TS18046: 'err' is of type 'unknown'.
electron/modules/validationEngine.ts(73,29): error TS7006: Parameter 'id' implicitly has an 'any' type.
electron/modules/validationEngine.ts(73,33): error TS7006: Parameter 'code' implicitly has an 'any' type.
electron/modules/validationEngine.ts(97,88): error TS18046: 'e' is of type 'unknown'.
electron/modules/windowManager.ts(11,5): error TS7034: Variable 'mainWindowInstance' implicitly has type 'any' in some locations where its type cannot be determined.
electron/modules/windowManager.ts(13,10): error TS6133: 'getMainWindow' is declared but its value is never read.
electron/modules/windowManager.ts(14,10): error TS7005: Variable 'mainWindowInstance' implicitly has an 'any' type.
electron/modules/windowManager.ts(56,47): error TS6133: 'event' is declared but its value is never read.
electron/modules/windowManager.ts(57,5): error TS2304: Cannot find name 'logError'.
electron/modules/windowManager.ts(60,49): error TS6133: 'event' is declared but its value is never read.
electron/modules/windowManager.ts(61,5): error TS2304: Cannot find name 'logInfo'.
electron/modules/windowsExecutionEngine.ts(9,10): error TS2339: Property 'defaultTimeoutMs' does not exist on type 'WindowsExecutionEngineCore'.
electron/modules/windowsExecutionEngine.ts(15,19): error TS7006: Parameter 'command' implicitly has an 'any' type.
electron/modules/windowsExecutionEngine.ts(32,21): error TS7006: Parameter 'script' implicitly has an 'any' type.
electron/modules/windowsExecutionEngine.ts(48,67): error TS2339: Property 'timeoutMs' does not exist on type '{}'.
electron/modules/windowsExecutionEngine.ts(48,85): error TS2339: Property 'defaultTimeoutMs' does not exist on type 'WindowsExecutionEngineCore'.
electron/modules/windowsExecutionEngine.ts(49,18): error TS2339: Property 'timeoutMs' does not exist on type '{}'.
electron/modules/windowsExecutionEngine.ts(49,36): error TS2339: Property 'defaultTimeoutMs' does not exist on type 'WindowsExecutionEngineCore'.
electron/modules/windowsExecutionEngine.ts(74,29): error TS7006: Parameter 'script' implicitly has an 'any' type.
electron/modules/windowsExecutionEngine.ts(116,28): error TS7006: Parameter 'regPath' implicitly has an 'any' type.
electron/modules/windowsExecutionEngine.ts(116,37): error TS7006: Parameter 'regName' implicitly has an 'any' type.
electron/modules/windowsExecutionEngine.ts(139,15): error TS2339: Property 'stdout' does not exist on type 'unknown'.
electron/modules/windowsExecutionEngine.ts(151,25): error TS7006: Parameter 'regCmd' implicitly has an 'any' type.
electron/modules/windowsExecutionEngine.ts(151,33): error TS7006: Parameter 'isHklm' implicitly has an 'any' type.
electron/modules/windowsExecutionEngine.ts(165,30): error TS7006: Parameter 'serviceName' implicitly has an 'any' type.
electron/modules/windowsExecutionEngine.ts(165,43): error TS7006: Parameter 'action' implicitly has an 'any' type.
electron/modules/windowsExecutionEngine.ts(180,29): error TS7006: Parameter 'taskName' implicitly has an 'any' type.
electron/modules/windowsExecutionEngine.ts(180,39): error TS7006: Parameter 'enable' implicitly has an 'any' type.
electron/modules/windowsExecutionEngine.ts(188,24): error TS7006: Parameter 'schemeGuid' implicitly has an 'any' type.
electron/modules/windowsExecutionEngine.ts(195,21): error TS7006: Parameter 'args' implicitly has an 'any' type.
electron/modules/windowsExecutionEngine.ts(202,24): error TS7006: Parameter 'args' implicitly has an 'any' type.
electron/preload.cts(60,23): error TS7006: Parameter 'setting' implicitly has an 'any' type.
electron/preload.cts(65,25): error TS7006: Parameter 'setting' implicitly has an 'any' type.
electron/preload.cts(70,29): error TS7006: Parameter 'ids' implicitly has an 'any' type.
electron/preload.cts(80,23): error TS7006: Parameter 'item' implicitly has an 'any' type.
electron/preload.cts(80,29): error TS7006: Parameter 'enable' implicitly has an 'any' type.
electron/preload.cts(87,18): error TS7006: Parameter 'app' implicitly has an 'any' type.
electron/preload.cts(94,20): error TS7006: Parameter 'selectedIds' implicitly has an 'any' type.
electron/preload.cts(102,16): error TS7006: Parameter 'appid' implicitly has an 'any' type.
electron/preload.cts(102,23): error TS7006: Parameter 'launcher' implicitly has an 'any' type.
electron/preload.cts(109,21): error TS7006: Parameter 'appid' implicitly has an 'any' type.
electron/preload.cts(114,18): error TS7006: Parameter 'enable' implicitly has an 'any' type.
electron/preload.cts(119,24): error TS7006: Parameter 'actionId' implicitly has an 'any' type.
electron/preload.cts(124,18): error TS7006: Parameter 'settings' implicitly has an 'any' type.
electron/preload.cts(135,24): error TS7006: Parameter 'mode' implicitly has an 'any' type.
electron/preload.cts(143,25): error TS7006: Parameter 'gameId' implicitly has an 'any' type.
electron/preload.cts(143,33): error TS7006: Parameter 'gameName' implicitly has an 'any' type.
electron/preload.cts(144,12): error TS7006: Parameter 'channel' implicitly has an 'any' type.
electron/preload.cts(144,21): error TS7019: Rest parameter 'args' implicitly has an 'any[]' type.
electron/preload.cts(148,8): error TS7006: Parameter 'channel' implicitly has an 'any' type.
electron/preload.cts(148,17): error TS7006: Parameter 'listener' implicitly has an 'any' type.
electron/preload.cts(150,30): error TS6133: 'event' is declared but its value is never read.
electron/preload.cts(150,30): error TS7006: Parameter 'event' implicitly has an 'any' type.
electron/preload.cts(150,37): error TS7019: Rest parameter 'args' implicitly has an 'any[]' type.
electron/preload.cts(155,20): error TS7006: Parameter 'channel' implicitly has an 'any' type.
electron/preload.cts(155,29): error TS7006: Parameter 'listener' implicitly has an 'any' type.
src/components/ui/Icons.tsx(30,3): error TS2305: Module '"lucide-react"' has no exported member 'Github'.
src/components/ui/Icons.tsx(65,3): error TS2305: Module '"lucide-react"' has no exported member 'Twitter'.
src/context/SettingsContext.tsx(1,8): error TS6133: 'React' is declared but its value is never read.
